range 1..11    = [1, 2, 3, 4, 5, 6, 7, 8, 9, 10]
sum            = 55
evens          = [2, 4, 6, 8, 10]
squares        = [1, 4, 9, 16, 25]
sorted desc    = [9, 6, 5, 4, 3, 2, 1, 1]
zip            = [(1, "a"), (2, "b"), (3, "c")]
find > 7       = Some 8
head []        = None
with_default   = 0
parse "42"     = 42
parse "oops"   = not a number
upper          = VELA
words          = ["the", "quick", "brown", "fox"]
join           = a-b-c
reverse        = desserts
pad_left       = ......42
gcd 48 18      = 6
div_floor -7 2 = -4
sqrt 2.0       = 1.4142135623730951
round 2.5      = 3.0
pipeline       = 1246
